../Core/Src/main.c:75:10:count_cycles_state	16	static
../Core/Src/main.c:85:6:Read_DHT11	64	static,ignoring_inline_asm
../Core/Src/main.c:153:6:ftostr	80	static
../Core/Src/main.c:211:5:main	1496	static
../Core/Src/main.c:302:6:SystemClock_Config	88	static
../Core/Src/main.c:349:13:MX_ADC1_Init	24	static
../Core/Src/main.c:396:13:MX_TIM1_Init	32	static
../Core/Src/main.c:442:13:MX_USART1_UART_Init	8	static
../Core/Src/main.c:475:13:MX_GPIO_Init	40	static
../Core/Src/main.c:511:6:HAL_TIM_PeriodElapsedCallback	16	static
../Core/Src/main.c:525:6:Error_Handler	4	static,ignoring_inline_asm
